main.c:94:5:main	56	static
main.c:495:6:SystemClock_Config	88	static
main.c:538:13:MX_ADC1_Init	24	static
main.c:708:13:MX_I2C1_Init	8	static
main.c:742:13:MX_I2C2_Init	8	static
main.c:776:13:MX_SPI1_Init	8	static
main.c:814:13:MX_TIM1_Init	56	static
main.c:864:13:MX_TIM3_Init	48	static
main.c:917:13:MX_TIM6_Init	16	static
main.c:955:13:MX_TIM7_Init	16	static
main.c:993:13:MX_TIM8_Init	56	static
main.c:1043:13:MX_TIM12_Init	40	static
main.c:1089:13:MX_USART1_UART_Init	8	static
main.c:1120:13:MX_DMA_Init	16	static
main.c:1138:13:MX_GPIO_Init	48	static
main.c:1201:6:Error_Handler	4	static
