Peripheral_function.c:90:1:__io_putchar	16	static
Peripheral_function.c:95:6:All_init	8	static
Peripheral_function.c:122:6:ESC_Calibration	8	static
Peripheral_function.c:130:6:IO_init	8	static
Peripheral_function.c:139:6:ADval_get	4	static
Peripheral_function.c:159:6:ADval_sum	4	static
Peripheral_function.c:170:6:CrossCheck	24	static
Peripheral_function.c:182:9:StartGoalCheck	32	static
Peripheral_function.c:203:6:MakerCheck	40	static
Peripheral_function.c:355:9:MakerSenTh	24	static
Peripheral_function.c:372:6:Calculation_offset_zg	16	static
Peripheral_function.c:376:7:Velo_Spline_Curve	32	static
Peripheral_function.c:394:6:HAL_TIM_PeriodElapsedCallback	32	static
Peripheral_function.c:515:6:led_pattern	16	static
Peripheral_function.c:565:6:IOstate_get	8	static
Peripheral_function.c:607:6:getEncoder	24	static
Peripheral_function.c:635:7:mileage	16	static
Peripheral_function.c:639:6:MotorCtrl	24	static
Peripheral_function.c:674:6:setup	24	static
